------------------------------------------------------------
TimeQuest Timing Analyzer Summary
------------------------------------------------------------

Type  : Slow 1100mV 85C Model Setup 'KEY[0]'
Slack : -0.905
TNS   : -7.306

Type  : Slow 1100mV 85C Model Hold 'KEY[0]'
Slack : 0.456
TNS   : 0.000

Type  : Slow 1100mV 85C Model Minimum Pulse Width 'KEY[0]'
Slack : -0.394
TNS   : -8.364

Type  : Slow 1100mV 0C Model Setup 'KEY[0]'
Slack : -0.913
TNS   : -7.469

Type  : Slow 1100mV 0C Model Hold 'KEY[0]'
Slack : 0.417
TNS   : 0.000

Type  : Slow 1100mV 0C Model Minimum Pulse Width 'KEY[0]'
Slack : -0.394
TNS   : -7.686

Type  : Fast 1100mV 85C Model Setup 'KEY[0]'
Slack : -0.106
TNS   : -0.106

Type  : Fast 1100mV 85C Model Hold 'KEY[0]'
Slack : 0.275
TNS   : 0.000

Type  : Fast 1100mV 85C Model Minimum Pulse Width 'KEY[0]'
Slack : -0.339
TNS   : -4.265

Type  : Fast 1100mV 0C Model Setup 'KEY[0]'
Slack : -0.045
TNS   : -0.045

Type  : Fast 1100mV 0C Model Hold 'KEY[0]'
Slack : 0.245
TNS   : 0.000

Type  : Fast 1100mV 0C Model Minimum Pulse Width 'KEY[0]'
Slack : -0.318
TNS   : -3.994

------------------------------------------------------------
