------------------------------------------------------------
TimeQuest Timing Analyzer Summary
------------------------------------------------------------

Type  : Slow 1100mV 85C Model Setup 'CLOCK_50'
Slack : -4.205
TNS   : -340.853

Type  : Slow 1100mV 85C Model Setup 'col[0]'
Slack : -1.974
TNS   : -5.772

Type  : Slow 1100mV 85C Model Setup 'pos_x[0]'
Slack : -1.972
TNS   : -10.510

Type  : Slow 1100mV 85C Model Setup 'vga_controller|divider|vga_pll_inst|altera_pll_i|general[0].gpll~PLL_OUTPUT_COUNTER|divclk'
Slack : 20.983
TNS   : 0.000

Type  : Slow 1100mV 85C Model Hold 'vga_controller|divider|vga_pll_inst|altera_pll_i|general[0].gpll~PLL_OUTPUT_COUNTER|divclk'
Slack : 0.295
TNS   : 0.000

Type  : Slow 1100mV 85C Model Hold 'CLOCK_50'
Slack : 0.319
TNS   : 0.000

Type  : Slow 1100mV 85C Model Hold 'col[0]'
Slack : 0.739
TNS   : 0.000

Type  : Slow 1100mV 85C Model Hold 'pos_x[0]'
Slack : 0.781
TNS   : 0.000

Type  : Slow 1100mV 85C Model Recovery 'CLOCK_50'
Slack : 17.319
TNS   : 0.000

Type  : Slow 1100mV 85C Model Removal 'CLOCK_50'
Slack : 0.803
TNS   : 0.000

Type  : Slow 1100mV 85C Model Minimum Pulse Width 'pos_x[0]'
Slack : 0.281
TNS   : 0.000

Type  : Slow 1100mV 85C Model Minimum Pulse Width 'vga_controller|divider|vga_pll_inst|altera_pll_i|general[0].gpll~FRACTIONAL_PLL|vcoph[0]'
Slack : 0.325
TNS   : 0.000

Type  : Slow 1100mV 85C Model Minimum Pulse Width 'col[0]'
Slack : 0.414
TNS   : 0.000

Type  : Slow 1100mV 85C Model Minimum Pulse Width 'CLOCK_50'
Slack : 8.855
TNS   : 0.000

Type  : Slow 1100mV 85C Model Minimum Pulse Width 'vga_controller|divider|vga_pll_inst|altera_pll_i|general[0].gpll~PLL_OUTPUT_COUNTER|divclk'
Slack : 18.618
TNS   : 0.000

Type  : Slow 1100mV 0C Model Setup 'CLOCK_50'
Slack : -3.892
TNS   : -308.902

Type  : Slow 1100mV 0C Model Setup 'pos_x[0]'
Slack : -1.883
TNS   : -10.180

Type  : Slow 1100mV 0C Model Setup 'col[0]'
Slack : -1.854
TNS   : -5.372

Type  : Slow 1100mV 0C Model Setup 'vga_controller|divider|vga_pll_inst|altera_pll_i|general[0].gpll~PLL_OUTPUT_COUNTER|divclk'
Slack : 20.517
TNS   : 0.000

Type  : Slow 1100mV 0C Model Hold 'CLOCK_50'
Slack : 0.040
TNS   : 0.000

Type  : Slow 1100mV 0C Model Hold 'vga_controller|divider|vga_pll_inst|altera_pll_i|general[0].gpll~PLL_OUTPUT_COUNTER|divclk'
Slack : 0.279
TNS   : 0.000

Type  : Slow 1100mV 0C Model Hold 'col[0]'
Slack : 0.506
TNS   : 0.000

Type  : Slow 1100mV 0C Model Hold 'pos_x[0]'
Slack : 0.594
TNS   : 0.000

Type  : Slow 1100mV 0C Model Recovery 'CLOCK_50'
Slack : 17.417
TNS   : 0.000

Type  : Slow 1100mV 0C Model Removal 'CLOCK_50'
Slack : 0.760
TNS   : 0.000

Type  : Slow 1100mV 0C Model Minimum Pulse Width 'pos_x[0]'
Slack : 0.278
TNS   : 0.000

Type  : Slow 1100mV 0C Model Minimum Pulse Width 'vga_controller|divider|vga_pll_inst|altera_pll_i|general[0].gpll~FRACTIONAL_PLL|vcoph[0]'
Slack : 0.325
TNS   : 0.000

Type  : Slow 1100mV 0C Model Minimum Pulse Width 'col[0]'
Slack : 0.394
TNS   : 0.000

Type  : Slow 1100mV 0C Model Minimum Pulse Width 'CLOCK_50'
Slack : 8.812
TNS   : 0.000

Type  : Slow 1100mV 0C Model Minimum Pulse Width 'vga_controller|divider|vga_pll_inst|altera_pll_i|general[0].gpll~PLL_OUTPUT_COUNTER|divclk'
Slack : 18.600
TNS   : 0.000

Type  : Fast 1100mV 85C Model Setup 'CLOCK_50'
Slack : -3.131
TNS   : -245.123

Type  : Fast 1100mV 85C Model Setup 'col[0]'
Slack : -0.913
TNS   : -2.666

Type  : Fast 1100mV 85C Model Setup 'pos_x[0]'
Slack : -0.880
TNS   : -3.628

Type  : Fast 1100mV 85C Model Setup 'vga_controller|divider|vga_pll_inst|altera_pll_i|general[0].gpll~PLL_OUTPUT_COUNTER|divclk'
Slack : 29.770
TNS   : 0.000

Type  : Fast 1100mV 85C Model Hold 'vga_controller|divider|vga_pll_inst|altera_pll_i|general[0].gpll~PLL_OUTPUT_COUNTER|divclk'
Slack : 0.173
TNS   : 0.000

Type  : Fast 1100mV 85C Model Hold 'CLOCK_50'
Slack : 0.195
TNS   : 0.000

Type  : Fast 1100mV 85C Model Hold 'pos_x[0]'
Slack : 0.471
TNS   : 0.000

Type  : Fast 1100mV 85C Model Hold 'col[0]'
Slack : 0.549
TNS   : 0.000

Type  : Fast 1100mV 85C Model Recovery 'CLOCK_50'
Slack : 18.233
TNS   : 0.000

Type  : Fast 1100mV 85C Model Removal 'CLOCK_50'
Slack : 0.440
TNS   : 0.000

Type  : Fast 1100mV 85C Model Minimum Pulse Width 'vga_controller|divider|vga_pll_inst|altera_pll_i|general[0].gpll~FRACTIONAL_PLL|vcoph[0]'
Slack : 0.325
TNS   : 0.000

Type  : Fast 1100mV 85C Model Minimum Pulse Width 'pos_x[0]'
Slack : 0.334
TNS   : 0.000

Type  : Fast 1100mV 85C Model Minimum Pulse Width 'col[0]'
Slack : 0.398
TNS   : 0.000

Type  : Fast 1100mV 85C Model Minimum Pulse Width 'CLOCK_50'
Slack : 8.820
TNS   : 0.000

Type  : Fast 1100mV 85C Model Minimum Pulse Width 'vga_controller|divider|vga_pll_inst|altera_pll_i|general[0].gpll~PLL_OUTPUT_COUNTER|divclk'
Slack : 18.740
TNS   : 0.000

Type  : Fast 1100mV 0C Model Setup 'CLOCK_50'
Slack : -2.464
TNS   : -191.340

Type  : Fast 1100mV 0C Model Setup 'col[0]'
Slack : -0.671
TNS   : -1.966

Type  : Fast 1100mV 0C Model Setup 'pos_x[0]'
Slack : -0.650
TNS   : -2.655

Type  : Fast 1100mV 0C Model Setup 'vga_controller|divider|vga_pll_inst|altera_pll_i|general[0].gpll~PLL_OUTPUT_COUNTER|divclk'
Slack : 30.386
TNS   : 0.000

Type  : Fast 1100mV 0C Model Hold 'vga_controller|divider|vga_pll_inst|altera_pll_i|general[0].gpll~PLL_OUTPUT_COUNTER|divclk'
Slack : 0.158
TNS   : 0.000

Type  : Fast 1100mV 0C Model Hold 'CLOCK_50'
Slack : 0.185
TNS   : 0.000

Type  : Fast 1100mV 0C Model Hold 'pos_x[0]'
Slack : 0.418
TNS   : 0.000

Type  : Fast 1100mV 0C Model Hold 'col[0]'
Slack : 0.419
TNS   : 0.000

Type  : Fast 1100mV 0C Model Recovery 'CLOCK_50'
Slack : 18.407
TNS   : 0.000

Type  : Fast 1100mV 0C Model Removal 'CLOCK_50'
Slack : 0.396
TNS   : 0.000

Type  : Fast 1100mV 0C Model Minimum Pulse Width 'vga_controller|divider|vga_pll_inst|altera_pll_i|general[0].gpll~FRACTIONAL_PLL|vcoph[0]'
Slack : 0.325
TNS   : 0.000

Type  : Fast 1100mV 0C Model Minimum Pulse Width 'pos_x[0]'
Slack : 0.347
TNS   : 0.000

Type  : Fast 1100mV 0C Model Minimum Pulse Width 'col[0]'
Slack : 0.413
TNS   : 0.000

Type  : Fast 1100mV 0C Model Minimum Pulse Width 'CLOCK_50'
Slack : 8.813
TNS   : 0.000

Type  : Fast 1100mV 0C Model Minimum Pulse Width 'vga_controller|divider|vga_pll_inst|altera_pll_i|general[0].gpll~PLL_OUTPUT_COUNTER|divclk'
Slack : 18.739
TNS   : 0.000

------------------------------------------------------------
